Microchip MPLAB XC8 Compiler V1.41 ()

Linker command line:

-W-3 --edf=G:\APPs\MPLAB\New folder\dat\en_msgs.txt -cs \
  -h+dist/default/production\MicroWaveOvenProject.X.production.sym \
  --cmf=dist/default/production\MicroWaveOvenProject.X.production.cmf -z \
  -Q16F877A -oC:\Users\owner\AppData\Local\Temp\s3tg.2 \
  -Mdist/default/production/MicroWaveOvenProject.X.production.map -E1 \
  -ver=XC8 -ASTACK=0110h-016fh -pstack=STACK -ACODE=00h-07FFhx4 \
  -ASTRCODE=00h-01FFFh -ASTRING=00h-0FFhx32 -ACONST=00h-0FFhx32 \
  -AENTRY=00h-0FFhx32 -ACOMMON=070h-07Fh -ABANK0=020h-06Fh \
  -ABANK1=0A0h-0EFh -ABANK2=0110h-016Fh -ABANK3=0190h-01EFh \
  -ARAM=020h-06Fh,0A0h-0EFh,0110h-016Fh,0190h-01EFh \
  -AABS1=020h-07Fh,0A0h-0EFh,0110h-016Fh,0190h-01EFh -ASFR0=00h-01Fh \
  -ASFR1=080h-09Fh -ASFR2=0100h-010Fh -ASFR3=0180h-018Fh \
  -preset_vec=00h,intentry=04h,init,end_init -ppowerup=CODE -pcinit=CODE \
  -pfunctab=CODE -ACONFIG=02007h-02007h -pconfig=CONFIG -DCONFIG=2 \
  -AIDLOC=02000h-02003h -pidloc=IDLOC -DIDLOC=2 -AEEDATA=00h-0FFh/02100h \
  -peeprom_data=EEDATA -DEEDATA=2 -DCODE=2 -DSTRCODE=2 -DSTRING=2 -DCONST=2 \
  -DENTRY=2 -k C:\Users\owner\AppData\Local\Temp\s3tg.obj \
  dist/default/production\MicroWaveOvenProject.X.production.obj 

Object code version is 3.11

Machine type is 16F877A



                Name                               Link     Load   Length Selector   Space Scale
C:\Users\owner\AppData\Local\Temp\s3tg.obj
                end_init                             12       12        3        8       0
                reset_vec                             0        0        3        0       0
                config                             2007     2007        1     400E       0
dist/default/production\MicroWaveOvenProject.X.production.obj
                cinit                                15       15       13        8       0
                intentry                              4        4        E        8       0
                text22                              DCC      DCC       50     1B98       0
                text21                              CD6      CD6       37     19AC       0
                text20                              E77      E77       71     1CEE       0
                text19                              C49      C49        9     1892       0
                text18                              C52      C52       10     18A4       0
                text17                              4F3      4F3        D        8       0
                text16                              C75      C75       1C     18EA       0
                text15                              7CB      7CB       30      C6E       0
                text14                              D44      D44       3B     1A88       0
                text13                              E1C      E1C       5B     1C38       0
                text12                              D7F      D7F       4D     1AFE       0
                text11                              CB3      CB3       23     1966       0
                text10                              C62      C62       13     18C4       0
                text9                               C3B      C3B        6     1876       0
                text8                               21B      21B      1EA        8       0
                text7                                28       28      1F3        8       0
                text6                               D0D      D0D       37     1A1A       0
                text5                               637      637       FB      C6E       0
                text4                               732      732       99      C6E       0
                text3                               EE8      EE8       8C     1DD0       0
                text2                               F74      F74       8C     1EE8       0
                text1                               C91      C91       22     1922       0
                maintext                            405      405       EE        8       0
                cstackBANK0                          44       44       1B       20       1
                cstackCOMMON                         70       70        7       70       1
                clrtext                             C41      C41        8     1882       0
                bssBANK0                             20       20       24       20       1
                dataCOMMON                           79       79        1       70       1
                bssCOMMON                            77       77        2       70       1
                stringtext                          500      500      137        A       0
                strings                             800      800       12     1000       0
                idataCOMMON                         7FB      7FB        1      C6E       0

TOTAL           Name                               Link     Load   Length     Space
        CLASS   STACK          

        CLASS   CODE           
                end_init                             12       12        3         0
                cinit                                15       15       13         0
                intentry                              4        4        E         0
                reset_vec                             0        0        3         0
                text22                              DCC      DCC       50         0
                text21                              CD6      CD6       37         0
                text20                              E77      E77       71         0
                text19                              C49      C49        9         0
                text18                              C52      C52       10         0
                text17                              4F3      4F3        D         0
                text16                              C75      C75       1C         0
                text15                              7CB      7CB       30         0
                text14                              D44      D44       3B         0
                text13                              E1C      E1C       5B         0
                text12                              D7F      D7F       4D         0
                text11                              CB3      CB3       23         0
                text10                              C62      C62       13         0
                text9                               C3B      C3B        6         0
                text8                               21B      21B      1EA         0
                text7                                28       28      1F3         0
                text6                               D0D      D0D       37         0
                text5                               637      637       FB         0
                text4                               732      732       99         0
                text3                               EE8      EE8       8C         0
                text2                               F74      F74       8C         0
                text1                               C91      C91       22         0
                maintext                            405      405       EE         0
                clrtext                             C41      C41        8         0
                idataCOMMON                         7FB      7FB        1         0

        CLASS   STRCODE        
                stringtext                          500      500      137         0

        CLASS   STRING         
                strings                             800      800       12         0

        CLASS   CONST          

        CLASS   ENTRY          

        CLASS   COMMON         
                cstackCOMMON                         70       70        7         1
                dataCOMMON                           79       79        1         1
                bssCOMMON                            77       77        2         1

        CLASS   BANK0          
                cstackBANK0                          44       44       1B         1
                bssBANK0                             20       20       24         1

        CLASS   BANK1          

        CLASS   BANK2          

        CLASS   BANK3          

        CLASS   RAM            

        CLASS   ABS1           
                abs_s1                               7E       7E        2         1

        CLASS   SFR0           

        CLASS   SFR1           

        CLASS   SFR2           

        CLASS   SFR3           

        CLASS   CONFIG         
                config                             2007     2007        1         0

        CLASS   IDLOC          

        CLASS   EEDATA         



SEGMENTS        Name                           Load    Length   Top    Selector   Space  Class     Delta

                reset_vec                      000000  000003  000003         0       0  CODE        2
                intentry                       000004  0004FC  000500         8       0  CODE        2
                bssBANK0                       000020  00003F  00005F        20       1  BANK0       1
                cstackCOMMON                   000070  00000A  00007A        70       1  COMMON      1
                stringtext                     000500  000137  000637         A       0  STRCODE     2
                text5                          000637  0001C5  0007FC       C6E       0  CODE        2
                strings                        000800  000012  000812      1000       0  STRING      2
                text9                          000C3B  000006  000C41      1876       0  CODE        2
                clrtext                        000C41  000008  000C49      1882       0  CODE        2
                text19                         000C49  000009  000C52      1892       0  CODE        2
                text18                         000C52  000010  000C62      18A4       0  CODE        2
                text10                         000C62  000013  000C75      18C4       0  CODE        2
                text16                         000C75  00001C  000C91      18EA       0  CODE        2
                text1                          000C91  000022  000CB3      1922       0  CODE        2
                text11                         000CB3  000023  000CD6      1966       0  CODE        2
                text21                         000CD6  000037  000D0D      19AC       0  CODE        2
                text6                          000D0D  000037  000D44      1A1A       0  CODE        2
                text14                         000D44  00003B  000D7F      1A88       0  CODE        2
                text12                         000D7F  00004D  000DCC      1AFE       0  CODE        2
                text22                         000DCC  000050  000E1C      1B98       0  CODE        2
                text13                         000E1C  00005B  000E77      1C38       0  CODE        2
                text20                         000E77  000071  000EE8      1CEE       0  CODE        2
                text3                          000EE8  00008C  000F74      1DD0       0  CODE        2
                text2                          000F74  00008C  001000      1EE8       0  CODE        2
                config                         002007  000001  002008      400E       0  CONFIG      2


UNUSED ADDRESS RANGES

        Name                Unused          Largest block    Delta
        BANK0            005F-006F             11           1
        BANK1            00A0-00EF             50           1
        BANK2            0110-016F             60           1
        BANK3            0190-01EF             60           1
        CODE             0003-0003              1           2
                         07FC-07FF              4
                         0812-0C3A            429
                         1000-1FFF            800
        COMMON           007A-007D              4           1
        CONST            0003-0003              1           2
                         07FC-07FF              4
                         0812-0C3A            100
                         1000-1FFF            100
        EEDATA           2100-21FF            100           2
        ENTRY            0003-0003              1           2
                         07FC-07FF              4
                         0812-0C3A            100
                         1000-1FFF            100
        IDLOC            2000-2003              4           2
        RAM              005F-006F             11           1
                         00A0-00EF             50
                         0110-016F             60
                         0190-01EF             60
        SFR0             0000-001F             20           1
        SFR1             0080-009F             20           1
        SFR2             0100-010F             10           1
        SFR3             0180-018F             10           1
        STACK            0110-016F             60           1
        STRCODE          0003-0003              1           2
                         07FC-07FF              4
                         0812-0C3A            429
                         1000-1FFF           1000
        STRING           0003-0003              1           2
                         07FC-07FF              4
                         0812-0C3A            100
                         1000-1FFF            100

                                  Symbol Table

?___awdiv                         cstackBANK0  0044
?___awmod                         cstackBANK0  004C
?___wmul                          cstackBANK0  0044
_GIE                              (abs)        005F
_PEIE                             (abs)        005E
_PORTD                            (abs)        0008
_PR2                              (abs)        0092
_RB0                              (abs)        0030
_RB1                              (abs)        0031
_RB2                              (abs)        0032
_RB3                              (abs)        0033
_RC1                              (abs)        0039
_RC2                              (abs)        003A
_RD0                              (abs)        0040
_RD1                              (abs)        0041
_RD2                              (abs)        0042
_RD3                              (abs)        0043
_RE1                              (abs)        0049
_RE2                              (abs)        004A
_T2CKPS0                          (abs)        0090
_T2CKPS1                          (abs)        0091
_TMR2IE                           (abs)        0461
_TMR2IF                           (abs)        0061
_TMR2ON                           (abs)        0092
_TRISB                            (abs)        0086
_TRISC1                           (abs)        0439
_TRISC2                           (abs)        043A
_TRISD                            (abs)        0088
_TRISE1                           (abs)        0449
_TRISE2                           (abs)        044A
__CFG_WDTE$OFF                    (abs)        0000
__Habs1                           abs1         0000
__Hbank0                          bank0        0000
__Hbank1                          bank1        0000
__Hbank2                          bank2        0000
__Hbank3                          bank3        0000
__HbssBANK0                       bssBANK0     0000
__HbssCOMMON                      bssCOMMON    0000
__Hcinit                          cinit        0028
__Hclrtext                        clrtext      0000
__Hcode                           code         0000
__Hcommon                         common       0000
__Hconfig                         config       2008
__HcstackBANK0                    cstackBANK0  0000
__HcstackCOMMON                   cstackCOMMON 0000
__HdataCOMMON                     dataCOMMON   0000
__Heeprom_data                    eeprom_data  0000
__Hend_init                       end_init     0015
__Hfunctab                        functab      0000
__HidataCOMMON                    idataCOMMON  0000
__Hidloc                          idloc        0000
__Hinit                           init         0012
__Hintentry                       intentry     0012
__Hmaintext                       maintext     0000
__Hpowerup                        powerup      0000
__Hram                            ram          0000
__Hreset_vec                      reset_vec    0003
__Hsfr0                           sfr0         0000
__Hsfr1                           sfr1         0000
__Hsfr2                           sfr2         0000
__Hsfr3                           sfr3         0000
__Hspace_0                        (abs)        2008
__Hspace_1                        (abs)        007A
__Hspace_2                        (abs)        0000
__Hspace_3                        (abs)        0000
__Hstack                          stack        0000
__Hstrings                        strings      0000
__Hstringtext                     stringtext   0000
__Htext                           text         0000
__Labs1                           abs1         0000
__Lbank0                          bank0        0000
__Lbank1                          bank1        0000
__Lbank2                          bank2        0000
__Lbank3                          bank3        0000
__LbssBANK0                       bssBANK0     0000
__LbssCOMMON                      bssCOMMON    0000
__Lcinit                          cinit        0015
__Lclrtext                        clrtext      0000
__Lcode                           code         0000
__Lcommon                         common       0000
__Lconfig                         config       2007
__LcstackBANK0                    cstackBANK0  0000
__LcstackCOMMON                   cstackCOMMON 0000
__LdataCOMMON                     dataCOMMON   0000
__Leeprom_data                    eeprom_data  0000
__Lend_init                       end_init     0012
__Lfunctab                        functab      0000
__LidataCOMMON                    idataCOMMON  0000
__Lidloc                          idloc        0000
__Linit                           init         0012
__Lintentry                       intentry     0004
__Lmaintext                       maintext     0000
__Lpowerup                        powerup      0000
__Lram                            ram          0000
__Lreset_vec                      reset_vec    0000
__Lsfr0                           sfr0         0000
__Lsfr1                           sfr1         0000
__Lsfr2                           sfr2         0000
__Lsfr3                           sfr3         0000
__Lspace_0                        (abs)        0000
__Lspace_1                        (abs)        0000
__Lspace_2                        (abs)        0000
__Lspace_3                        (abs)        0000
__Lstack                          stack        0000
__Lstrings                        strings      0000
__Lstringtext                     stringtext   0000
__Ltext                           text         0000
__S0                              (abs)        2008
__S1                              (abs)        007A
__S2                              (abs)        0000
__S3                              (abs)        0000
___awdiv                          text13       0E1C
___awdiv@counter                  cstackBANK0  0048
___awdiv@dividend                 cstackBANK0  0046
___awdiv@divisor                  cstackBANK0  0044
___awdiv@quotient                 cstackBANK0  004A
___awdiv@sign                     cstackBANK0  0049
___awmod                          text12       0D7F
___awmod@counter                  cstackBANK0  0050
___awmod@dividend                 cstackBANK0  004E
___awmod@divisor                  cstackBANK0  004C
___awmod@sign                     cstackBANK0  0051
___int_sp                         stack        0000
___latbits                        (abs)        0002
___sp                             stack        0000
___wmul                           text11       0CB3
___wmul@multiplicand              cstackBANK0  0046
___wmul@multiplier                cstackBANK0  0044
___wmul@product                   cstackCOMMON 0074
__end_of___awdiv                  text13       0E77
__end_of___awmod                  text12       0DCC
__end_of___wmul                   text11       0CD6
__end_of__initialization          cinit        0024
__end_of__stringtab               strings      0812
__end_of_clcd_print               text15       07FB
__end_of_clcd_putch               text10       0C75
__end_of_clcd_write               text21       0D0D
__end_of_clear_dis                text9        0C41
__end_of_door_status_check        text6        0D44
__end_of_init_clcd                text19       0C52
__end_of_init_config              text16       0C91
__end_of_init_display_controller  text20       0EE8
__end_of_init_matrix_keypad       text18       0C62
__end_of_init_timer2              text17       0500
__end_of_isr                      text22       0E1C
__end_of_main                     maintext     04F3
__end_of_mode_select              text4        07CB
__end_of_modes_display            text14       0D7F
__end_of_power_on                 text3        0F74
__end_of_read_matrix_keypad       text1        0CB3
__end_of_scan_keypad              text2        1000
__end_of_set_temp                 text8        0405
__end_of_set_time                 text7        021B
__end_of_time_dis                 text5        0732
__initialization                  cinit        0015
__pbssBANK0                       bssBANK0     0020
__pbssCOMMON                      bssCOMMON    0077
__pcstackBANK0                    cstackBANK0  0044
__pcstackCOMMON                   cstackCOMMON 0070
__pdataCOMMON                     dataCOMMON   0079
__pidataCOMMON                    idataCOMMON  07FB
__pintentry                       intentry     0004
__pmaintext                       maintext     0405
__pstrings                        strings      0800
__pstringtext                     stringtext   0500
__ptext1                          text1        0C91
__ptext10                         text10       0C62
__ptext11                         text11       0CB3
__ptext12                         text12       0D7F
__ptext13                         text13       0E1C
__ptext14                         text14       0D44
__ptext15                         text15       07CB
__ptext16                         text16       0C75
__ptext17                         text17       04F3
__ptext18                         text18       0C52
__ptext19                         text19       0C49
__ptext2                          text2        0F74
__ptext20                         text20       0E77
__ptext21                         text21       0CD6
__ptext22                         text22       0DCC
__ptext3                          text3        0EE8
__ptext4                          text4        0732
__ptext5                          text5        0637
__ptext6                          text6        0D0D
__ptext7                          text7        0028
__ptext8                          text8        021B
__ptext9                          text9        0C3B
__size_of___awdiv                 (abs)        0000
__size_of___awmod                 (abs)        0000
__size_of___wmul                  (abs)        0000
__size_of_clcd_print              (abs)        0000
__size_of_clcd_putch              (abs)        0000
__size_of_clcd_write              (abs)        0000
__size_of_clear_dis               (abs)        0000
__size_of_door_status_check       (abs)        0000
__size_of_init_clcd               (abs)        0000
__size_of_init_config             (abs)        0000
__size_of_init_display_controller (abs)        0000
__size_of_init_matrix_keypad      (abs)        0000
__size_of_init_timer2             (abs)        0000
__size_of_isr                     (abs)        0000
__size_of_main                    (abs)        0000
__size_of_mode_select             (abs)        0000
__size_of_modes_display           (abs)        0000
__size_of_power_on                (abs)        0000
__size_of_read_matrix_keypad      (abs)        0000
__size_of_scan_keypad             (abs)        0000
__size_of_set_temp                (abs)        0000
__size_of_set_time                (abs)        0000
__size_of_time_dis                (abs)        0000
__stringbase                      strings      0812
__stringtab                       strings      0800
_clcd_print                       text15       07CB
_clcd_putch                       text10       0C62
_clcd_write                       text21       0CD6
_clear_dis                        text9        0C3B
_door_status_check                text6        0D0D
_flag                             bssBANK0     0032
_heat_flag                        bssBANK0     0030
_init_clcd                        text19       0C49
_init_config                      text16       0C75
_init_display_controller          text20       0E77
_init_matrix_keypad               text18       0C52
_init_timer2                      text17       04F3
_isr                              text22       0DCC
_main                             maintext     0405
_min                              bssBANK0     0038
_min_arr                          bssBANK0     003E
_mode_select                      text4        0732
_modes_display                    text14       0D44
_nRBPU                            (abs)        040F
_operation_mode                   bssBANK0     003C
_power_on                         text3        0EE8
_read_matrix_keypad               text1        0C91
_reset_flag                       bssBANK0     003A
_ret                              bssBANK0     0034
_scan_keypad                      text2        0F74
_sec                              bssBANK0     0036
_sec_arr                          bssBANK0     0041
_set_temp                         text8        021B
_set_time                         text7        0028
_time_dis                         text5        0637
btemp                             (abs)        007E
clcd_print@addr                   cstackBANK0  0047
clcd_print@str                    cstackBANK0  0045
clcd_putch@addr                   cstackBANK0  0052
clcd_putch@data                   cstackBANK0  0053
clcd_write@byte                   cstackBANK0  0044
clcd_write@mode                   cstackCOMMON 0074
clear_ram0                        clrtext      0C41
end_of_initialization             cinit        0024
interrupt_function                intentry     0004
intlevel0                         functab      0000
intlevel1                         functab      0000
intlevel2                         functab      0000
intlevel3                         functab      0000
intlevel4                         functab      0000
intlevel5                         functab      0000
isr@count                         bssCOMMON    0077
main@key                          cstackBANK0  005E
mode_select@key                   cstackBANK0  005A
power_on@i                        cstackBANK0  0057
power_on@i_138                    cstackBANK0  0059
read_matrix_keypad@key            cstackBANK0  0045
read_matrix_keypad@mode           cstackBANK0  0044
read_matrix_keypad@once           dataCOMMON   0079
reset_vec                         reset_vec    0000
saved_w                           (abs)        007E
scan_keypad@i                     cstackCOMMON 0074
set_temp@blink                    bssBANK0     0024
set_temp@key                      cstackBANK0  0057
set_temp@key_count                bssBANK0     0022
set_temp@temp                     bssBANK0     0020
set_temp@wait                     bssBANK0     0026
set_time@blink                    bssBANK0     002C
set_time@blink_pos                bssBANK0     002A
set_time@key                      cstackBANK0  0054
set_time@key_count                bssBANK0     0028
set_time@wait                     bssBANK0     002E
stackhi                           (abs)        0000
stacklo                           (abs)        0000
start                             init         0012
start_initialization              cinit        0015
wtemp0                            (abs)        007E


FUNCTION INFORMATION:

 *************** function _main *****************
 Defined at:
		line 39 in file "main.c"
 Parameters:    Size  Location     Type
		None
 Auto vars:     Size  Location     Type
  key             1   26[BANK0 ] unsigned char 
 Return value:  Size  Location     Type
                  1    wreg      void 
 Registers used:
		wreg, fsr0l, fsr0h, status,2, status,0, btemp+1, pclath, cstack
 Tracked objects:
		On entry : 
		On exit  : 
		Unchanged: 
 Data sizes:     COMMON   BANK0   BANK1   BANK3   BANK2
      Params:         0       0       0       0       0
      Locals:         0       1       0       0       0
      Temps:          0       3       0       0       0
      Totals:         0       4       0       0       0
Total ram usage:        4 bytes
 Hardware stack levels required when called:    6
 This function calls:
		_clcd_print
		_clcd_write
		_clear_dis
		_init_config
		_mode_select
		_power_on
		_read_matrix_keypad
 This function is called by:
		Startup code after reset
 This function uses a non-reentrant model


 *************** function _read_matrix_keypad *****************
 Defined at:
		line 108 in file "matrix_keypad.c"
 Parameters:    Size  Location     Type
  mode            1    wreg     unsigned char 
 Auto vars:     Size  Location     Type
  mode            1    0[BANK0 ] unsigned char 
  key             1    1[BANK0 ] unsigned char 
 Return value:  Size  Location     Type
                  1    wreg      unsigned char 
 Registers used:
		wreg, status,2, status,0, pclath, cstack
 Tracked objects:
		On entry : 
		On exit  : 
		Unchanged: 
 Data sizes:     COMMON   BANK0   BANK1   BANK3   BANK2
      Params:         0       0       0       0       0
      Locals:         0       2       0       0       0
      Temps:          1       0       0       0       0
      Totals:         1       2       0       0       0
Total ram usage:        3 bytes
 Hardware stack levels used:    1
 Hardware stack levels required when called:    2
 This function calls:
		_scan_keypad
 This function is called by:
		_main
 This function uses a non-reentrant model


 *************** function _scan_keypad *****************
 Defined at:
		line 21 in file "matrix_keypad.c"
 Parameters:    Size  Location     Type
		None
 Auto vars:     Size  Location     Type
  i               2    4[COMMON] int 
 Return value:  Size  Location     Type
                  1    wreg      unsigned char 
 Registers used:
		wreg, status,2, status,0
 Tracked objects:
		On entry : 
		On exit  : 
		Unchanged: 
 Data sizes:     COMMON   BANK0   BANK1   BANK3   BANK2
      Params:         0       0       0       0       0
      Locals:         2       0       0       0       0
      Temps:          0       0       0       0       0
      Totals:         2       0       0       0       0
Total ram usage:        2 bytes
 Hardware stack levels used:    1
 Hardware stack levels required when called:    1
 This function calls:
		Nothing
 This function is called by:
		_read_matrix_keypad
 This function uses a non-reentrant model


 *************** function _power_on *****************
 Defined at:
		line 184 in file "main.c"
 Parameters:    Size  Location     Type
		None
 Auto vars:     Size  Location     Type
  i               2   21[BANK0 ] int 
  i               2   19[BANK0 ] int 
 Return value:  Size  Location     Type
                  1    wreg      void 
 Registers used:
		wreg, fsr0l, fsr0h, status,2, status,0, btemp+1, pclath, cstack
 Tracked objects:
		On entry : 
		On exit  : 
		Unchanged: 
 Data sizes:     COMMON   BANK0   BANK1   BANK3   BANK2
      Params:         0       0       0       0       0
      Locals:         0       4       0       0       0
      Temps:          0       3       0       0       0
      Totals:         0       7       0       0       0
Total ram usage:        7 bytes
 Hardware stack levels used:    1
 Hardware stack levels required when called:    3
 This function calls:
		_clcd_print
		_clcd_putch
 This function is called by:
		_main
 This function uses a non-reentrant model


 *************** function _mode_select *****************
 Defined at:
		line 120 in file "main.c"
 Parameters:    Size  Location     Type
  key             1    wreg     unsigned char 
 Auto vars:     Size  Location     Type
  key             1   22[BANK0 ] unsigned char 
 Return value:  Size  Location     Type
                  1    wreg      void 
 Registers used:
		wreg, fsr0l, fsr0h, status,2, status,0, btemp+1, pclath, cstack
 Tracked objects:
		On entry : 
		On exit  : 
		Unchanged: 
 Data sizes:     COMMON   BANK0   BANK1   BANK3   BANK2
      Params:         0       0       0       0       0
      Locals:         0       1       0       0       0
      Temps:          0       2       0       0       0
      Totals:         0       3       0       0       0
Total ram usage:        3 bytes
 Hardware stack levels used:    1
 Hardware stack levels required when called:    5
 This function calls:
		_clear_dis
		_modes_display
		_set_temp
		_set_time
		_time_dis
 This function is called by:
		_main
 This function uses a non-reentrant model


 *************** function _time_dis *****************
 Defined at:
		line 333 in file "main.c"
 Parameters:    Size  Location     Type
		None
 Auto vars:     Size  Location     Type
		None
 Return value:  Size  Location     Type
                  1    wreg      void 
 Registers used:
		wreg, fsr0l, fsr0h, status,2, status,0, btemp+1, pclath, cstack
 Tracked objects:
		On entry : 
		On exit  : 
		Unchanged: 
 Data sizes:     COMMON   BANK0   BANK1   BANK3   BANK2
      Params:         0       0       0       0       0
      Locals:         0       0       0       0       0
      Temps:          0       3       0       0       0
      Totals:         0       3       0       0       0
Total ram usage:        3 bytes
 Hardware stack levels used:    1
 Hardware stack levels required when called:    4
 This function calls:
		___awdiv
		___awmod
		_clcd_print
		_clcd_putch
		_clear_dis
		_door_status_check
 This function is called by:
		_mode_select
 This function uses a non-reentrant model


 *************** function _door_status_check *****************
 Defined at:
		line 311 in file "main.c"
 Parameters:    Size  Location     Type
		None
 Auto vars:     Size  Location     Type
		None
 Return value:  Size  Location     Type
                  1    wreg      void 
 Registers used:
		wreg, fsr0l, fsr0h, status,2, status,0, btemp+1, pclath, cstack
 Tracked objects:
		On entry : 
		On exit  : 
		Unchanged: 
 Data sizes:     COMMON   BANK0   BANK1   BANK3   BANK2
      Params:         0       0       0       0       0
      Locals:         0       0       0       0       0
      Temps:          0       1       0       0       0
      Totals:         0       1       0       0       0
Total ram usage:        1 bytes
 Hardware stack levels used:    1
 Hardware stack levels required when called:    3
 This function calls:
		_clcd_print
		_clear_dis
 This function is called by:
		_time_dis
 This function uses a non-reentrant model


 *************** function _set_time *****************
 Defined at:
		line 211 in file "main.c"
 Parameters:    Size  Location     Type
  key             1    wreg     unsigned char 
 Auto vars:     Size  Location     Type
  key             1   16[BANK0 ] unsigned char 
 Return value:  Size  Location     Type
                  1    wreg      void 
 Registers used:
		wreg, fsr0l, fsr0h, status,2, status,0, btemp+1, pclath, cstack
 Tracked objects:
		On entry : 
		On exit  : 
		Unchanged: 
 Data sizes:     COMMON   BANK0   BANK1   BANK3   BANK2
      Params:         0       0       0       0       0
      Locals:         0       1       0       0       0
      Temps:          0       2       0       0       0
      Totals:         0       3       0       0       0
Total ram usage:        3 bytes
 Hardware stack levels used:    1
 Hardware stack levels required when called:    3
 This function calls:
		___awdiv
		___awmod
		___wmul
		_clcd_print
		_clear_dis
 This function is called by:
		_mode_select
 This function uses a non-reentrant model


 *************** function _set_temp *****************
 Defined at:
		line 380 in file "main.c"
 Parameters:    Size  Location     Type
  key             1    wreg     unsigned char 
 Auto vars:     Size  Location     Type
  key             1   19[BANK0 ] unsigned char 
 Return value:  Size  Location     Type
                  1    wreg      unsigned char 
 Registers used:
		wreg, fsr0l, fsr0h, status,2, status,0, btemp+1, pclath, cstack
 Tracked objects:
		On entry : 
		On exit  : 
		Unchanged: 
 Data sizes:     COMMON   BANK0   BANK1   BANK3   BANK2
      Params:         0       0       0       0       0
      Locals:         0       1       0       0       0
      Temps:          0       3       0       0       0
      Totals:         0       4       0       0       0
Total ram usage:        4 bytes
 Hardware stack levels used:    1
 Hardware stack levels required when called:    3
 This function calls:
		___awdiv
		___awmod
		___wmul
		_clcd_print
		_clcd_putch
		_clear_dis
 This function is called by:
		_mode_select
 This function uses a non-reentrant model


 *************** function _clear_dis *****************
 Defined at:
		line 207 in file "main.c"
 Parameters:    Size  Location     Type
		None
 Auto vars:     Size  Location     Type
		None
 Return value:  Size  Location     Type
                  1    wreg      void 
 Registers used:
		wreg, status,2, status,0, pclath, cstack
 Tracked objects:
		On entry : 
		On exit  : 
		Unchanged: 
 Data sizes:     COMMON   BANK0   BANK1   BANK3   BANK2
      Params:         0       0       0       0       0
      Locals:         0       0       0       0       0
      Temps:          0       0       0       0       0
      Totals:         0       0       0       0       0
Total ram usage:        0 bytes
 Hardware stack levels used:    1
 Hardware stack levels required when called:    2
 This function calls:
		_clcd_write
 This function is called by:
		_main
		_mode_select
		_set_time
		_door_status_check
		_time_dis
		_set_temp
 This function uses a non-reentrant model


 *************** function _clcd_putch *****************
 Defined at:
		line 56 in file "clcd.c"
 Parameters:    Size  Location     Type
  data            1    wreg     const unsigned char 
  addr            1   14[BANK0 ] unsigned char 
 Auto vars:     Size  Location     Type
  data            1   15[BANK0 ] const unsigned char 
 Return value:  Size  Location     Type
                  1    wreg      void 
 Registers used:
		wreg, status,2, status,0, pclath, cstack
 Tracked objects:
		On entry : 
		On exit  : 
		Unchanged: 
 Data sizes:     COMMON   BANK0   BANK1   BANK3   BANK2
      Params:         0       1       0       0       0
      Locals:         0       1       0       0       0
      Temps:          0       0       0       0       0
      Totals:         0       2       0       0       0
Total ram usage:        2 bytes
 Hardware stack levels used:    1
 Hardware stack levels required when called:    2
 This function calls:
		_clcd_write
 This function is called by:
		_power_on
		_time_dis
		_set_temp
 This function uses a non-reentrant model


 *************** function ___wmul *****************
 Defined at:
		line 15 in file "G:\APPs\MPLAB\New folder\sources\common\Umul16.c"
 Parameters:    Size  Location     Type
  multiplier      2    0[BANK0 ] unsigned int 
  multiplicand    2    2[BANK0 ] unsigned int 
 Auto vars:     Size  Location     Type
  product         2    4[COMMON] unsigned int 
 Return value:  Size  Location     Type
                  2    0[BANK0 ] unsigned int 
 Registers used:
		wreg, status,2, status,0
 Tracked objects:
		On entry : 
		On exit  : 
		Unchanged: 
 Data sizes:     COMMON   BANK0   BANK1   BANK3   BANK2
      Params:         0       4       0       0       0
      Locals:         2       0       0       0       0
      Temps:          0       0       0       0       0
      Totals:         2       4       0       0       0
Total ram usage:        6 bytes
 Hardware stack levels used:    1
 Hardware stack levels required when called:    1
 This function calls:
		Nothing
 This function is called by:
		_set_time
		_set_temp
 This function uses a non-reentrant model


 *************** function ___awmod *****************
 Defined at:
		line 6 in file "G:\APPs\MPLAB\New folder\sources\common\awmod.c"
 Parameters:    Size  Location     Type
  divisor         2    8[BANK0 ] int 
  dividend        2   10[BANK0 ] int 
 Auto vars:     Size  Location     Type
  sign            1   13[BANK0 ] unsigned char 
  counter         1   12[BANK0 ] unsigned char 
 Return value:  Size  Location     Type
                  2    8[BANK0 ] int 
 Registers used:
		wreg, status,2, status,0
 Tracked objects:
		On entry : 
		On exit  : 
		Unchanged: 
 Data sizes:     COMMON   BANK0   BANK1   BANK3   BANK2
      Params:         0       4       0       0       0
      Locals:         0       2       0       0       0
      Temps:          1       0       0       0       0
      Totals:         1       6       0       0       0
Total ram usage:        7 bytes
 Hardware stack levels used:    1
 Hardware stack levels required when called:    1
 This function calls:
		Nothing
 This function is called by:
		_set_time
		_time_dis
		_set_temp
 This function uses a non-reentrant model


 *************** function ___awdiv *****************
 Defined at:
		line 6 in file "G:\APPs\MPLAB\New folder\sources\common\awdiv.c"
 Parameters:    Size  Location     Type
  divisor         2    0[BANK0 ] int 
  dividend        2    2[BANK0 ] int 
 Auto vars:     Size  Location     Type
  quotient        2    6[BANK0 ] int 
  sign            1    5[BANK0 ] unsigned char 
  counter         1    4[BANK0 ] unsigned char 
 Return value:  Size  Location     Type
                  2    0[BANK0 ] int 
 Registers used:
		wreg, status,2, status,0
 Tracked objects:
		On entry : 
		On exit  : 
		Unchanged: 
 Data sizes:     COMMON   BANK0   BANK1   BANK3   BANK2
      Params:         0       4       0       0       0
      Locals:         0       4       0       0       0
      Temps:          1       0       0       0       0
      Totals:         1       8       0       0       0
Total ram usage:        9 bytes
 Hardware stack levels used:    1
 Hardware stack levels required when called:    1
 This function calls:
		Nothing
 This function is called by:
		_set_time
		_time_dis
		_set_temp
 This function uses a non-reentrant model


 *************** function _modes_display *****************
 Defined at:
		line 199 in file "main.c"
 Parameters:    Size  Location     Type
		None
 Auto vars:     Size  Location     Type
		None
 Return value:  Size  Location     Type
                  1    wreg      void 
 Registers used:
		wreg, fsr0l, fsr0h, status,2, status,0, btemp+1, pclath, cstack
 Tracked objects:
		On entry : 
		On exit  : 
		Unchanged: 
 Data sizes:     COMMON   BANK0   BANK1   BANK3   BANK2
      Params:         0       0       0       0       0
      Locals:         0       0       0       0       0
      Temps:          0       1       0       0       0
      Totals:         0       1       0       0       0
Total ram usage:        1 bytes
 Hardware stack levels used:    1
 Hardware stack levels required when called:    3
 This function calls:
		_clcd_print
 This function is called by:
		_mode_select
 This function uses a non-reentrant model


 *************** function _clcd_print *****************
 Defined at:
		line 62 in file "clcd.c"
 Parameters:    Size  Location     Type
  str             2    1[BANK0 ] PTR const unsigned char 
		 -> STR_26(4), STR_25(12), STR_24(14), STR_23(15), 
		 -> STR_22(17), STR_21(12), STR_20(17), STR_19(16), 
		 -> STR_18(17), STR_17(17), STR_16(17), STR_15(10), 
		 -> STR_14(13), STR_13(17), STR_12(3), STR_11(3), 
		 -> min_arr(3), sec_arr(3), STR_10(17), STR_9(12), 
		 -> STR_8(17), STR_7(8), STR_6(13), STR_5(8), 
		 -> STR_4(8), STR_3(17), STR_2(17), STR_1(17), 
  addr            1    3[BANK0 ] unsigned char 
 Auto vars:     Size  Location     Type
		None
 Return value:  Size  Location     Type
                  1    wreg      void 
 Registers used:
		wreg, fsr0l, fsr0h, status,2, status,0, btemp+1, pclath, cstack
 Tracked objects:
		On entry : 
		On exit  : 
		Unchanged: 
 Data sizes:     COMMON   BANK0   BANK1   BANK3   BANK2
      Params:         0       3       0       0       0
      Locals:         0       0       0       0       0
      Temps:          0       0       0       0       0
      Totals:         0       3       0       0       0
Total ram usage:        3 bytes
 Hardware stack levels used:    1
 Hardware stack levels required when called:    2
 This function calls:
		_clcd_write
 This function is called by:
		_main
		_power_on
		_modes_display
		_set_time
		_door_status_check
		_time_dis
		_set_temp
 This function uses a non-reentrant model


 *************** function _init_config *****************
 Defined at:
		line 21 in file "main.c"
 Parameters:    Size  Location     Type
		None
 Auto vars:     Size  Location     Type
		None
 Return value:  Size  Location     Type
                  1    wreg      void 
 Registers used:
		wreg, status,2, status,0, pclath, cstack
 Tracked objects:
		On entry : 
		On exit  : 
		Unchanged: 
 Data sizes:     COMMON   BANK0   BANK1   BANK3   BANK2
      Params:         0       0       0       0       0
      Locals:         0       0       0       0       0
      Temps:          0       0       0       0       0
      Totals:         0       0       0       0       0
Total ram usage:        0 bytes
 Hardware stack levels used:    1
 Hardware stack levels required when called:    4
 This function calls:
		_init_clcd
		_init_matrix_keypad
		_init_timer2
 This function is called by:
		_main
 This function uses a non-reentrant model


 *************** function _init_timer2 *****************
 Defined at:
		line 2 in file "timers.c"
 Parameters:    Size  Location     Type
		None
 Auto vars:     Size  Location     Type
		None
 Return value:  Size  Location     Type
                  1    wreg      void 
 Registers used:
		wreg
 Tracked objects:
		On entry : 
		On exit  : 
		Unchanged: 
 Data sizes:     COMMON   BANK0   BANK1   BANK3   BANK2
      Params:         0       0       0       0       0
      Locals:         0       0       0       0       0
      Temps:          0       0       0       0       0
      Totals:         0       0       0       0       0
Total ram usage:        0 bytes
 Hardware stack levels used:    1
 Hardware stack levels required when called:    1
 This function calls:
		Nothing
 This function is called by:
		_init_config
 This function uses a non-reentrant model


 *************** function _init_matrix_keypad *****************
 Defined at:
		line 4 in file "matrix_keypad.c"
 Parameters:    Size  Location     Type
		None
 Auto vars:     Size  Location     Type
		None
 Return value:  Size  Location     Type
                  1    wreg      void 
 Registers used:
		wreg, status,2
 Tracked objects:
		On entry : 
		On exit  : 
		Unchanged: 
 Data sizes:     COMMON   BANK0   BANK1   BANK3   BANK2
      Params:         0       0       0       0       0
      Locals:         0       0       0       0       0
      Temps:          0       0       0       0       0
      Totals:         0       0       0       0       0
Total ram usage:        0 bytes
 Hardware stack levels used:    1
 Hardware stack levels required when called:    1
 This function calls:
		Nothing
 This function is called by:
		_init_config
 This function uses a non-reentrant model


 *************** function _init_clcd *****************
 Defined at:
		line 44 in file "clcd.c"
 Parameters:    Size  Location     Type
		None
 Auto vars:     Size  Location     Type
		None
 Return value:  Size  Location     Type
                  1    wreg      void 
 Registers used:
		wreg, status,2, status,0, pclath, cstack
 Tracked objects:
		On entry : 
		On exit  : 
		Unchanged: 
 Data sizes:     COMMON   BANK0   BANK1   BANK3   BANK2
      Params:         0       0       0       0       0
      Locals:         0       0       0       0       0
      Temps:          0       0       0       0       0
      Totals:         0       0       0       0       0
Total ram usage:        0 bytes
 Hardware stack levels used:    1
 Hardware stack levels required when called:    3
 This function calls:
		_init_display_controller
 This function is called by:
		_init_config
 This function uses a non-reentrant model


 *************** function _init_display_controller *****************
 Defined at:
		line 21 in file "clcd.c"
 Parameters:    Size  Location     Type
		None
 Auto vars:     Size  Location     Type
		None
 Return value:  Size  Location     Type
                  1    wreg      void 
 Registers used:
		wreg, status,2, status,0, pclath, cstack
 Tracked objects:
		On entry : 
		On exit  : 
		Unchanged: 
 Data sizes:     COMMON   BANK0   BANK1   BANK3   BANK2
      Params:         0       0       0       0       0
      Locals:         0       0       0       0       0
      Temps:          0       2       0       0       0
      Totals:         0       2       0       0       0
Total ram usage:        2 bytes
 Hardware stack levels used:    1
 Hardware stack levels required when called:    2
 This function calls:
		_clcd_write
 This function is called by:
		_init_clcd
 This function uses a non-reentrant model


 *************** function _clcd_write *****************
 Defined at:
		line 4 in file "clcd.c"
 Parameters:    Size  Location     Type
  byte            1    wreg     unsigned char 
  mode            1    4[COMMON] unsigned char 
 Auto vars:     Size  Location     Type
  byte            1    0[BANK0 ] unsigned char 
 Return value:  Size  Location     Type
                  1    wreg      void 
 Registers used:
		wreg, status,2, status,0
 Tracked objects:
		On entry : 
		On exit  : 
		Unchanged: 
 Data sizes:     COMMON   BANK0   BANK1   BANK3   BANK2
      Params:         1       0       0       0       0
      Locals:         0       1       0       0       0
      Temps:          2       0       0       0       0
      Totals:         3       1       0       0       0
Total ram usage:        4 bytes
 Hardware stack levels used:    1
 Hardware stack levels required when called:    1
 This function calls:
		Nothing
 This function is called by:
		_init_display_controller
		_clcd_putch
		_clcd_print
		_main
		_clear_dis
 This function uses a non-reentrant model


 *************** function _isr *****************
 Defined at:
		line 6 in file "isr.c"
 Parameters:    Size  Location     Type
		None
 Auto vars:     Size  Location     Type
		None
 Return value:  Size  Location     Type
                  1    wreg      void 
 Registers used:
		wreg, status,2, status,0, btemp+1
 Tracked objects:
		On entry : 
		On exit  : 
		Unchanged: 
 Data sizes:     COMMON   BANK0   BANK1   BANK3   BANK2
      Params:         0       0       0       0       0
      Locals:         0       0       0       0       0
      Temps:          4       0       0       0       0
      Totals:         4       0       0       0       0
Total ram usage:        4 bytes
 Hardware stack levels used:    1
 This function calls:
		Nothing
 This function is called by:
		Interrupt level 1
 This function uses a non-reentrant model



MODULE INFORMATION

Module		Function		Class		Link	Load	Size
timers.c
		_init_timer2   		CODE           	04F3	0000	14

timers.c estimated size: 14

G:\APPs\MPLAB\New folder\sources\common\Umul16.c
		___wmul        		CODE           	0CB3	0000	36

G:\APPs\MPLAB\New folder\sources\common\Umul16.c estimated size: 36

matrix_keypad.c
		_init_matrix_keypad		CODE           	0C52	0000	17
		_read_matrix_keypad		CODE           	0C91	0000	35
		_scan_keypad   		CODE           	0F74	0000	141

matrix_keypad.c estimated size: 193

G:\APPs\MPLAB\New folder\sources\common\awmod.c
		___awmod       		CODE           	0D7F	0000	78

G:\APPs\MPLAB\New folder\sources\common\awmod.c estimated size: 78

G:\APPs\MPLAB\New folder\sources\common\awdiv.c
		___awdiv       		CODE           	0E1C	0000	92

G:\APPs\MPLAB\New folder\sources\common\awdiv.c estimated size: 92

isr.c
		_isr           		CODE           	0DCC	0000	81

isr.c estimated size: 81

shared
		__stringtab    		STRING         	0800	0000	19
		__initialization		CODE           	0015	0000	16

shared estimated size: 35

clcd.c
		_clcd_write    		CODE           	0CD6	0000	56
		_clcd_print    		CODE           	07CB	0000	49
		_clcd_putch    		CODE           	0C62	0000	20
		_init_display_controller		CODE           	0E77	0000	114
		_init_clcd     		CODE           	0C49	0000	10

clcd.c estimated size: 249

main.c
		_modes_display 		CODE           	0D44	0000	60
		_mode_select   		CODE           	0732	0000	154
		_door_status_check		CODE           	0D0D	0000	56
		_power_on      		CODE           	0EE8	0000	141
		_clear_dis     		CODE           	0C3B	0000	7
		_main          		CODE           	0405	0000	239
		_set_temp      		CODE           	021B	0000	491
		_set_time      		CODE           	0028	0000	500
		_init_config   		CODE           	0C75	0000	29
		_time_dis      		CODE           	0637	0000	252

main.c estimated size: 1929

